---
source: tests/log.rs
expression: result
---
<html><head><link>
    <title>Testing</title>
    <link rel="stylesheet" href="../styles.css">
    <style>body{height:100%}</style><link rel="preload" href="./styles2.css" as="style">
  </head>
  <body>
    <div class="container">
      <header>
        <div class="banner">Lorem ipsum dolor sit amet</div>
      </header>
    </div>
    <div class="" data-critters-container="">
      <h1>Hello World!</h1>
      <p>This is a paragraph</p>
      <input class="input-field">
      <div class="contents"></div>
      <div class="selected active"></div>
    </div>
    <footer class=""></footer>
  

<link rel="stylesheet" href="./styles2.css"></body></html>
